// Jest Snapshot v1, https://goo.gl/fbAQLP

exports[`CompanySearch matches the snapshot 1`] = `
Object {
  "asFragment": [Function],
  "baseElement": <body>
    <div>
      <div
        class="mt-4"
      >
        <form
          class=""
        >
          <div
            class="form-group"
          >
            <div
              class="row"
            >
              <div
                class="col-sm-5"
              >
                <label
                  class="form-label"
                >
                  Company symbol
                </label>
                <input
                  class="form-control"
                  data-testid="search"
                  placeholder="Company symbol"
                  type="text"
                  value=""
                />
                <small
                  class="text-muted form-text"
                >
                  Provide the stock exchange symbol of a company you want to track
                </small>
              </div>
            </div>
          </div>
          <button
            class="btn btn-primary"
            disabled=""
            type="submit"
          >
            Track
          </button>
        </form>
        <div
          class="mt-4 list-group"
        />
      </div>
    </div>
  </body>,
  "container": <div>
    <div
      class="mt-4"
    >
      <form
        class=""
      >
        <div
          class="form-group"
        >
          <div
            class="row"
          >
            <div
              class="col-sm-5"
            >
              <label
                class="form-label"
              >
                Company symbol
              </label>
              <input
                class="form-control"
                data-testid="search"
                placeholder="Company symbol"
                type="text"
                value=""
              />
              <small
                class="text-muted form-text"
              >
                Provide the stock exchange symbol of a company you want to track
              </small>
            </div>
          </div>
        </div>
        <button
          class="btn btn-primary"
          disabled=""
          type="submit"
        >
          Track
        </button>
      </form>
      <div
        class="mt-4 list-group"
      />
    </div>
  </div>,
  "debug": [Function],
  "findAllByAltText": [Function],
  "findAllByDisplayValue": [Function],
  "findAllByLabelText": [Function],
  "findAllByPlaceholderText": [Function],
  "findAllByRole": [Function],
  "findAllByTestId": [Function],
  "findAllByText": [Function],
  "findAllByTitle": [Function],
  "findByAltText": [Function],
  "findByDisplayValue": [Function],
  "findByLabelText": [Function],
  "findByPlaceholderText": [Function],
  "findByRole": [Function],
  "findByTestId": [Function],
  "findByText": [Function],
  "findByTitle": [Function],
  "getAllByAltText": [Function],
  "getAllByDisplayValue": [Function],
  "getAllByLabelText": [Function],
  "getAllByPlaceholderText": [Function],
  "getAllByRole": [Function],
  "getAllByTestId": [Function],
  "getAllByText": [Function],
  "getAllByTitle": [Function],
  "getByAltText": [Function],
  "getByDisplayValue": [Function],
  "getByLabelText": [Function],
  "getByPlaceholderText": [Function],
  "getByRole": [Function],
  "getByTestId": [Function],
  "getByText": [Function],
  "getByTitle": [Function],
  "input": <input
    class="form-control"
    data-testid="search"
    placeholder="Company symbol"
    type="text"
    value=""
  />,
  "queryAllByAltText": [Function],
  "queryAllByDisplayValue": [Function],
  "queryAllByLabelText": [Function],
  "queryAllByPlaceholderText": [Function],
  "queryAllByRole": [Function],
  "queryAllByTestId": [Function],
  "queryAllByText": [Function],
  "queryAllByTitle": [Function],
  "queryByAltText": [Function],
  "queryByDisplayValue": [Function],
  "queryByLabelText": [Function],
  "queryByPlaceholderText": [Function],
  "queryByRole": [Function],
  "queryByTestId": [Function],
  "queryByText": [Function],
  "queryByTitle": [Function],
  "rerender": [Function],
  "unmount": [Function],
}
`;
