// Jest Snapshot v1, https://goo.gl/fbAQLP

exports[`CompanySearch matches the snapshot 1`] = `undefined`;
